  Characters.cpp
D:\Documents\GitHub\CppCodeSampleCollection\CppCodeSampleRepo\CppCodeSampleCollection\Characters.cpp(157,15): warning C4129: 's': unrecognized character escape sequence
Classes.obj : error LNK2019: unresolved external symbol "public: __cdecl ForeverPoem::ForeverPoem(void)" (??0ForeverPoem@@QEAA@XZ) referenced in function "public: __cdecl Bard::Bard(void)" (??0Bard@@QEAA@XZ)
Classes.obj : error LNK2019: unresolved external symbol "public: __cdecl SisterLullaby::SisterLullaby(void)" (??0SisterLullaby@@QEAA@XZ) referenced in function "public: __cdecl Bard::Bard(void)" (??0Bard@@QEAA@XZ)
Classes.obj : error LNK2019: unresolved external symbol "public: __cdecl WorldLastRhapsody::WorldLastRhapsody(void)" (??0WorldLastRhapsody@@QEAA@XZ) referenced in function "public: __cdecl Bard::Bard(void)" (??0Bard@@QEAA@XZ)
Classes.obj : error LNK2019: unresolved external symbol "public: __cdecl Crossbow::Crossbow(void)" (??0Crossbow@@QEAA@XZ) referenced in function "public: __cdecl Bard::Bard(void)" (??0Bard@@QEAA@XZ)
Classes.obj : error LNK2019: unresolved external symbol "public: __cdecl PeakPerformance::PeakPerformance(void)" (??0PeakPerformance@@QEAA@XZ) referenced in function "public: __cdecl Bard::Bard(void)" (??0Bard@@QEAA@XZ)
Classes.obj : error LNK2019: unresolved external symbol "public: __cdecl FriendshipShield::FriendshipShield(void)" (??0FriendshipShield@@QEAA@XZ) referenced in function "public: __cdecl Cleric::Cleric(void)" (??0Cleric@@QEAA@XZ)
Classes.obj : error LNK2019: unresolved external symbol "public: __cdecl HoneySpell::HoneySpell(void)" (??0HoneySpell@@QEAA@XZ) referenced in function "public: __cdecl Cleric::Cleric(void)" (??0Cleric@@QEAA@XZ)
Classes.obj : error LNK2019: unresolved external symbol "public: __cdecl GuidingLight::GuidingLight(void)" (??0GuidingLight@@QEAA@XZ) referenced in function "public: __cdecl Cleric::Cleric(void)" (??0Cleric@@QEAA@XZ)
Classes.obj : error LNK2019: unresolved external symbol "public: __cdecl Madness::Madness(void)" (??0Madness@@QEAA@XZ) referenced in function "public: __cdecl Cleric::Cleric(void)" (??0Cleric@@QEAA@XZ)
Classes.obj : error LNK2019: unresolved external symbol "public: __cdecl Protection::Protection(void)" (??0Protection@@QEAA@XZ) referenced in function "public: __cdecl Cleric::Cleric(void)" (??0Cleric@@QEAA@XZ)
Classes.obj : error LNK2019: unresolved external symbol "public: __cdecl LoveBane::LoveBane(void)" (??0LoveBane@@QEAA@XZ) referenced in function "public: __cdecl Cleric::Cleric(void)" (??0Cleric@@QEAA@XZ)
Classes.obj : error LNK2019: unresolved external symbol "public: __cdecl Scimitar::Scimitar(void)" (??0Scimitar@@QEAA@XZ) referenced in function "public: __cdecl Fighter::Fighter(void)" (??0Fighter@@QEAA@XZ)
Classes.obj : error LNK2019: unresolved external symbol "public: __cdecl Warhammer::Warhammer(void)" (??0Warhammer@@QEAA@XZ) referenced in function "public: __cdecl Fighter::Fighter(void)" (??0Fighter@@QEAA@XZ)
Classes.obj : error LNK2019: unresolved external symbol "public: __cdecl Longbow::Longbow(void)" (??0Longbow@@QEAA@XZ) referenced in function "public: __cdecl Fighter::Fighter(void)" (??0Fighter@@QEAA@XZ)
Classes.obj : error LNK2019: unresolved external symbol "public: __cdecl IronDefense::IronDefense(void)" (??0IronDefense@@QEAA@XZ) referenced in function "public: __cdecl Fighter::Fighter(void)" (??0Fighter@@QEAA@XZ)
Classes.obj : error LNK2019: unresolved external symbol "public: __cdecl Olympian::Olympian(void)" (??0Olympian@@QEAA@XZ) referenced in function "public: __cdecl Fighter::Fighter(void)" (??0Fighter@@QEAA@XZ)
Classes.obj : error LNK2019: unresolved external symbol "public: __cdecl Revenger::Revenger(void)" (??0Revenger@@QEAA@XZ) referenced in function "public: __cdecl Fighter::Fighter(void)" (??0Fighter@@QEAA@XZ)
Classes.obj : error LNK2019: unresolved external symbol "public: __cdecl Shortsword::Shortsword(void)" (??0Shortsword@@QEAA@XZ) referenced in function "public: __cdecl Ranger::Ranger(void)" (??0Ranger@@QEAA@XZ)
Classes.obj : error LNK2019: unresolved external symbol "public: __cdecl BefriendBear::BefriendBear(void)" (??0BefriendBear@@QEAA@XZ) referenced in function "public: __cdecl Ranger::Ranger(void)" (??0Ranger@@QEAA@XZ)
Classes.obj : error LNK2019: unresolved external symbol "public: __cdecl ExploreSurroundings::ExploreSurroundings(void)" (??0ExploreSurroundings@@QEAA@XZ) referenced in function "public: __cdecl Ranger::Ranger(void)" (??0Ranger@@QEAA@XZ)
Classes.obj : error LNK2019: unresolved external symbol "public: __cdecl PoisonedBerries::PoisonedBerries(void)" (??0PoisonedBerries@@QEAA@XZ) referenced in function "public: __cdecl Ranger::Ranger(void)" (??0Ranger@@QEAA@XZ)
Classes.obj : error LNK2019: unresolved external symbol "public: __cdecl SolarEclipse::SolarEclipse(void)" (??0SolarEclipse@@QEAA@XZ) referenced in function "public: __cdecl Ranger::Ranger(void)" (??0Ranger@@QEAA@XZ)
Classes.obj : error LNK2019: unresolved external symbol "public: __cdecl Pickpocket::Pickpocket(void)" (??0Pickpocket@@QEAA@XZ) referenced in function "public: __cdecl Rogue::Rogue(void)" (??0Rogue@@QEAA@XZ)
Classes.obj : error LNK2019: unresolved external symbol "public: __cdecl Riposte::Riposte(void)" (??0Riposte@@QEAA@XZ) referenced in function "public: __cdecl Rogue::Rogue(void)" (??0Rogue@@QEAA@XZ)
Classes.obj : error LNK2019: unresolved external symbol "public: __cdecl Sneak::Sneak(void)" (??0Sneak@@QEAA@XZ) referenced in function "public: __cdecl Rogue::Rogue(void)" (??0Rogue@@QEAA@XZ)
Classes.obj : error LNK2019: unresolved external symbol "public: __cdecl ChangeClothes::ChangeClothes(void)" (??0ChangeClothes@@QEAA@XZ) referenced in function "public: __cdecl Rogue::Rogue(void)" (??0Rogue@@QEAA@XZ)
Classes.obj : error LNK2019: unresolved external symbol "public: __cdecl WaterBlast::WaterBlast(void)" (??0WaterBlast@@QEAA@XZ) referenced in function "public: __cdecl Wizard::Wizard(void)" (??0Wizard@@QEAA@XZ)
Classes.obj : error LNK2019: unresolved external symbol "public: __cdecl AcidSkin::AcidSkin(void)" (??0AcidSkin@@QEAA@XZ) referenced in function "public: __cdecl Wizard::Wizard(void)" (??0Wizard@@QEAA@XZ)
Classes.obj : error LNK2019: unresolved external symbol "public: __cdecl ConjureSword::ConjureSword(void)" (??0ConjureSword@@QEAA@XZ) referenced in function "public: __cdecl Wizard::Wizard(void)" (??0Wizard@@QEAA@XZ)
Classes.obj : error LNK2019: unresolved external symbol "public: __cdecl SummonCat::SummonCat(void)" (??0SummonCat@@QEAA@XZ) referenced in function "public: __cdecl Wizard::Wizard(void)" (??0Wizard@@QEAA@XZ)
Classes.obj : error LNK2019: unresolved external symbol "public: __cdecl BrokenClock::BrokenClock(void)" (??0BrokenClock@@QEAA@XZ) referenced in function "public: __cdecl Wizard::Wizard(void)" (??0Wizard@@QEAA@XZ)
Classes.obj : error LNK2019: unresolved external symbol "public: __cdecl VineBound::VineBound(void)" (??0VineBound@@QEAA@XZ) referenced in function "public: __cdecl Wizard::Wizard(void)" (??0Wizard@@QEAA@XZ)
D:\Documents\GitHub\CppCodeSampleCollection\CppCodeSampleRepo\CppCodeSampleCollection\x64\Debug\CppCodeSampleCollection.exe : fatal error LNK1120: 32 unresolved externals
